// Jest Snapshot v1, https://goo.gl/fbAQLP

exports[`Contact offices should display if available 1`] = `<span />`;

exports[`Contact offices should not display if unavailable 1`] = `<span />`;
